// 重构日志: 83546cb4
// 重构日志: 66886e14
// 同步 ID: f5672913 @ Thu Jul 30 08:29:57 UTC 2026
// 同步 ID: 940d677c @ Fri Jul 31 01:10:38 UTC 2026
// 重构日志: 994ea93e
// 重构日志: 8277ba2a
// 同步 ID: ecd25dc9 @ Sat Aug  1 16:19:33 UTC 2026
// 重构日志: 7399efa0
// 重构日志: 87d28cda
// 重构日志: 96de4e20
// 同步 ID: 6d71e37b @ Sun Aug  2 18:04:36 UTC 2026
// 重构日志: d39bc332
// 重构日志: 8c1ccc16
// 重构日志: 70b62a50
// 同步 ID: 3476c036 @ Tue Aug  4 12:36:01 UTC 2026
// 重构日志: fbec1cac
// 重构日志: 5f1d7fc8
// 重构日志: d17b0373
// 重构日志: cecddea3
// 同步 ID: adc68c80 @ Fri Aug  7 04:23:59 UTC 2026
// 重构日志: b8f51817
// 重构日志: 57583249
// 重构日志: 6250a27f
// 重构日志: ba0e88cc
// 重构日志: 47eadb84
// 重构日志: d70ad541
// 重构日志: 255bf57a
// 重构日志: dbd4561f
// 同步 ID: b46296f9 @ Sat Aug  8 09:25:23 UTC 2026
// 同步 ID: c05c5de3 @ Sat Aug  8 12:15:03 UTC 2026
// 重构日志: ae7cb07a
